Archive member included to satisfy reference by file (symbol)

c:/program files/microchip/xc8/v2.31/avr/bin/../lib/gcc/avr/5.4.0/avr5/memx-const\libgcc.a(_divmodhi4.o)
                              build/default/production/main.o (__divmodhi4)
c:/program files/microchip/xc8/v2.31/avr/bin/../lib/gcc/avr/5.4.0/avr5/memx-const\libgcc.a(_exit.o)
                              C:/Program Files/Microchip/MPLABX/v5.50/packs/Microchip/ATmega_DFP/2.3.126/xc8/avr/lib/avr5/memx-const/crtatmega328p.o (exit)
c:/program files/microchip/xc8/v2.31/avr/bin/../lib/gcc/avr/5.4.0/avr5/memx-const\libgcc.a(_copy_data.o)
                              build/default/production/main.o (__do_copy_data)
c:/program files/microchip/xc8/v2.31/avr/bin/../lib/gcc/avr/5.4.0/avr5/memx-const\libgcc.a(_udivmodhi4.o)
                              c:/program files/microchip/xc8/v2.31/avr/bin/../lib/gcc/avr/5.4.0/avr5/memx-const\libgcc.a(_divmodhi4.o) (__udivmodhi4)

Allocating common symbols
Common symbol       size              file

alarmActiveTime     0x2               build/default/production/main.o
pwmCounter          0x1               build/default/production/main.o
dutyCycle           0x1               build/default/production/main.o
displayStates       0x1               build/default/production/main.o
alarmHours          0x1               build/default/production/main.o
ms                  0x2               build/default/production/main.o
displayNum          0x1               build/default/production/main.o
nextDay             0x1               build/default/production/main.o
minutesToSet        0x1               build/default/production/main.o
alarmSet            0x1               build/default/production/main.o
blinkMiddle         0x1               build/default/production/main.o
buzzerPeriod        0x2               build/default/production/main.o
miliseconds         0x2               build/default/production/main.o
hoursToSet          0x1               build/default/production/main.o
eachDisplay         0x4               build/default/production/main.o
possibleAlarmSet    0x1               build/default/production/main.o
alarmSilenced       0x1               build/default/production/main.o
seconds             0x1               build/default/production/main.o
alarmActive         0x1               build/default/production/main.o
eepromWriteFlag     0x1               build/default/production/main.o
returnFromSettings  0x1               build/default/production/main.o
minutes             0x1               build/default/production/main.o
hours               0x1               build/default/production/main.o
displaySubStates    0x1               build/default/production/main.o
pm                  0x1               build/default/production/main.o
alarmMinutes        0x1               build/default/production/main.o
ledsOn              0x1               build/default/production/main.o

Discarded input sections

 .data          0x0000000000000000        0x0 C:/Program Files/Microchip/MPLABX/v5.50/packs/Microchip/ATmega_DFP/2.3.126/xc8/avr/lib/avr5/memx-const/crtatmega328p.o
 .bss           0x0000000000000000        0x0 C:/Program Files/Microchip/MPLABX/v5.50/packs/Microchip/ATmega_DFP/2.3.126/xc8/avr/lib/avr5/memx-const/crtatmega328p.o
 .text          0x0000000000000000        0x0 build/default/production/main.o
 .data          0x0000000000000000        0x0 build/default/production/main.o
 .bss           0x0000000000000000        0x0 build/default/production/main.o
 .text.TIMER2setup
                0x0000000000000000       0x14 build/default/production/main.o
 .text.clearShiftRegisters
                0x0000000000000000       0x32 build/default/production/main.o
 .text.eepromRead
                0x0000000000000000        0xe build/default/production/main.o
 .text.restore  0x0000000000000000       0x68 build/default/production/main.o
 .text          0x0000000000000000        0x0 c:/program files/microchip/xc8/v2.31/avr/bin/../lib/gcc/avr/5.4.0/avr5/memx-const\libgcc.a(_divmodhi4.o)
 .data          0x0000000000000000        0x0 c:/program files/microchip/xc8/v2.31/avr/bin/../lib/gcc/avr/5.4.0/avr5/memx-const\libgcc.a(_divmodhi4.o)
 .bss           0x0000000000000000        0x0 c:/program files/microchip/xc8/v2.31/avr/bin/../lib/gcc/avr/5.4.0/avr5/memx-const\libgcc.a(_divmodhi4.o)
 .text.libgcc.mul
                0x0000000000000000        0x0 c:/program files/microchip/xc8/v2.31/avr/bin/../lib/gcc/avr/5.4.0/avr5/memx-const\libgcc.a(_divmodhi4.o)
 .text.libgcc   0x0000000000000000        0x0 c:/program files/microchip/xc8/v2.31/avr/bin/../lib/gcc/avr/5.4.0/avr5/memx-const\libgcc.a(_divmodhi4.o)
 .text.libgcc.prologue
                0x0000000000000000        0x0 c:/program files/microchip/xc8/v2.31/avr/bin/../lib/gcc/avr/5.4.0/avr5/memx-const\libgcc.a(_divmodhi4.o)
 .text.libgcc.builtins
                0x0000000000000000        0x0 c:/program files/microchip/xc8/v2.31/avr/bin/../lib/gcc/avr/5.4.0/avr5/memx-const\libgcc.a(_divmodhi4.o)
 .text.libgcc.fmul
                0x0000000000000000        0x0 c:/program files/microchip/xc8/v2.31/avr/bin/../lib/gcc/avr/5.4.0/avr5/memx-const\libgcc.a(_divmodhi4.o)
 .text.libgcc.fixed
                0x0000000000000000        0x0 c:/program files/microchip/xc8/v2.31/avr/bin/../lib/gcc/avr/5.4.0/avr5/memx-const\libgcc.a(_divmodhi4.o)
 .text          0x0000000000000000        0x0 c:/program files/microchip/xc8/v2.31/avr/bin/../lib/gcc/avr/5.4.0/avr5/memx-const\libgcc.a(_exit.o)
 .data          0x0000000000000000        0x0 c:/program files/microchip/xc8/v2.31/avr/bin/../lib/gcc/avr/5.4.0/avr5/memx-const\libgcc.a(_exit.o)
 .bss           0x0000000000000000        0x0 c:/program files/microchip/xc8/v2.31/avr/bin/../lib/gcc/avr/5.4.0/avr5/memx-const\libgcc.a(_exit.o)
 .text.libgcc.mul
                0x0000000000000000        0x0 c:/program files/microchip/xc8/v2.31/avr/bin/../lib/gcc/avr/5.4.0/avr5/memx-const\libgcc.a(_exit.o)
 .text.libgcc.div
                0x0000000000000000        0x0 c:/program files/microchip/xc8/v2.31/avr/bin/../lib/gcc/avr/5.4.0/avr5/memx-const\libgcc.a(_exit.o)
 .text.libgcc   0x0000000000000000        0x0 c:/program files/microchip/xc8/v2.31/avr/bin/../lib/gcc/avr/5.4.0/avr5/memx-const\libgcc.a(_exit.o)
 .text.libgcc.prologue
                0x0000000000000000        0x0 c:/program files/microchip/xc8/v2.31/avr/bin/../lib/gcc/avr/5.4.0/avr5/memx-const\libgcc.a(_exit.o)
 .text.libgcc.builtins
                0x0000000000000000        0x0 c:/program files/microchip/xc8/v2.31/avr/bin/../lib/gcc/avr/5.4.0/avr5/memx-const\libgcc.a(_exit.o)
 .text.libgcc.fmul
                0x0000000000000000        0x0 c:/program files/microchip/xc8/v2.31/avr/bin/../lib/gcc/avr/5.4.0/avr5/memx-const\libgcc.a(_exit.o)
 .text.libgcc.fixed
                0x0000000000000000        0x0 c:/program files/microchip/xc8/v2.31/avr/bin/../lib/gcc/avr/5.4.0/avr5/memx-const\libgcc.a(_exit.o)
 .text          0x0000000000000000        0x0 c:/program files/microchip/xc8/v2.31/avr/bin/../lib/gcc/avr/5.4.0/avr5/memx-const\libgcc.a(_copy_data.o)
 .data          0x0000000000000000        0x0 c:/program files/microchip/xc8/v2.31/avr/bin/../lib/gcc/avr/5.4.0/avr5/memx-const\libgcc.a(_copy_data.o)
 .bss           0x0000000000000000        0x0 c:/program files/microchip/xc8/v2.31/avr/bin/../lib/gcc/avr/5.4.0/avr5/memx-const\libgcc.a(_copy_data.o)
 .text.libgcc.mul
                0x0000000000000000        0x0 c:/program files/microchip/xc8/v2.31/avr/bin/../lib/gcc/avr/5.4.0/avr5/memx-const\libgcc.a(_copy_data.o)
 .text.libgcc.div
                0x0000000000000000        0x0 c:/program files/microchip/xc8/v2.31/avr/bin/../lib/gcc/avr/5.4.0/avr5/memx-const\libgcc.a(_copy_data.o)
 .text.libgcc   0x0000000000000000        0x0 c:/program files/microchip/xc8/v2.31/avr/bin/../lib/gcc/avr/5.4.0/avr5/memx-const\libgcc.a(_copy_data.o)
 .text.libgcc.prologue
                0x0000000000000000        0x0 c:/program files/microchip/xc8/v2.31/avr/bin/../lib/gcc/avr/5.4.0/avr5/memx-const\libgcc.a(_copy_data.o)
 .text.libgcc.builtins
                0x0000000000000000        0x0 c:/program files/microchip/xc8/v2.31/avr/bin/../lib/gcc/avr/5.4.0/avr5/memx-const\libgcc.a(_copy_data.o)
 .text.libgcc.fmul
                0x0000000000000000        0x0 c:/program files/microchip/xc8/v2.31/avr/bin/../lib/gcc/avr/5.4.0/avr5/memx-const\libgcc.a(_copy_data.o)
 .text.libgcc.fixed
                0x0000000000000000        0x0 c:/program files/microchip/xc8/v2.31/avr/bin/../lib/gcc/avr/5.4.0/avr5/memx-const\libgcc.a(_copy_data.o)
 .text          0x0000000000000000        0x0 c:/program files/microchip/xc8/v2.31/avr/bin/../lib/gcc/avr/5.4.0/avr5/memx-const\libgcc.a(_udivmodhi4.o)
 .data          0x0000000000000000        0x0 c:/program files/microchip/xc8/v2.31/avr/bin/../lib/gcc/avr/5.4.0/avr5/memx-const\libgcc.a(_udivmodhi4.o)
 .bss           0x0000000000000000        0x0 c:/program files/microchip/xc8/v2.31/avr/bin/../lib/gcc/avr/5.4.0/avr5/memx-const\libgcc.a(_udivmodhi4.o)
 .text.libgcc.mul
                0x0000000000000000        0x0 c:/program files/microchip/xc8/v2.31/avr/bin/../lib/gcc/avr/5.4.0/avr5/memx-const\libgcc.a(_udivmodhi4.o)
 .text.libgcc   0x0000000000000000        0x0 c:/program files/microchip/xc8/v2.31/avr/bin/../lib/gcc/avr/5.4.0/avr5/memx-const\libgcc.a(_udivmodhi4.o)
 .text.libgcc.prologue
                0x0000000000000000        0x0 c:/program files/microchip/xc8/v2.31/avr/bin/../lib/gcc/avr/5.4.0/avr5/memx-const\libgcc.a(_udivmodhi4.o)
 .text.libgcc.builtins
                0x0000000000000000        0x0 c:/program files/microchip/xc8/v2.31/avr/bin/../lib/gcc/avr/5.4.0/avr5/memx-const\libgcc.a(_udivmodhi4.o)
 .text.libgcc.fmul
                0x0000000000000000        0x0 c:/program files/microchip/xc8/v2.31/avr/bin/../lib/gcc/avr/5.4.0/avr5/memx-const\libgcc.a(_udivmodhi4.o)
 .text.libgcc.fixed
                0x0000000000000000        0x0 c:/program files/microchip/xc8/v2.31/avr/bin/../lib/gcc/avr/5.4.0/avr5/memx-const\libgcc.a(_udivmodhi4.o)

Memory Configuration

Name             Origin             Length             Attributes
text             0x0000000000000000 0x0000000000008000 xr
data             0x0000000000800100 0x0000000000000800 rw !x
eeprom           0x0000000000810000 0x0000000000000400 rw !x
fuse             0x0000000000820000 0x0000000000000003 rw !x
lock             0x0000000000830000 0x0000000000000400 rw !x
signature        0x0000000000840000 0x0000000000000400 rw !x
user_signatures  0x0000000000850000 0x0000000000000400 rw !x
*default*        0x0000000000000000 0xffffffffffffffff

Linker script and memory map

Address of section .data set to 0x800100
LOAD C:/Program Files/Microchip/MPLABX/v5.50/packs/Microchip/ATmega_DFP/2.3.126/xc8/avr/lib/avr5/memx-const/crtatmega328p.o
                0x0000000000000001                __MPLAB_BUILD = 0x1
LOAD build/default/production/main.o
START GROUP
LOAD c:/program files/microchip/xc8/v2.31/avr/bin/../lib/gcc/avr/5.4.0/../../../../avr/lib/avr5/memx-const\libm.a
END GROUP
START GROUP
LOAD c:/program files/microchip/xc8/v2.31/avr/bin/../lib/gcc/avr/5.4.0/avr5/memx-const\libgcc.a
LOAD c:/program files/microchip/xc8/v2.31/avr/bin/../lib/gcc/avr/5.4.0/../../../../avr/lib/avr5/memx-const\libm.a
LOAD c:/program files/microchip/xc8/v2.31/avr/bin/../lib/gcc/avr/5.4.0/../../../../avr/lib/avr5/memx-const\libc.a
LOAD C:/Program Files/Microchip/MPLABX/v5.50/packs/Microchip/ATmega_DFP/2.3.126/xc8/avr/lib/avr5/memx-const\libatmega328p.a
END GROUP
                0x0000000000000000                __TEXT_REGION_ORIGIN__ = DEFINED (__TEXT_REGION_ORIGIN__)?__TEXT_REGION_ORIGIN__:0x0
                [0x0000000000800100]                __DATA_REGION_ORIGIN__ = DEFINED (__DATA_REGION_ORIGIN__)?__DATA_REGION_ORIGIN__:0x800060
                [0x0000000000008000]                __TEXT_REGION_LENGTH__ = DEFINED (__TEXT_REGION_LENGTH__)?__TEXT_REGION_LENGTH__:0x20000
                [0x0000000000000800]                __DATA_REGION_LENGTH__ = DEFINED (__DATA_REGION_LENGTH__)?__DATA_REGION_LENGTH__:0xffa0
                [0x0000000000000400]                __EEPROM_REGION_LENGTH__ = DEFINED (__EEPROM_REGION_LENGTH__)?__EEPROM_REGION_LENGTH__:0x10000
                [0x0000000000000003]                __FUSE_REGION_LENGTH__ = DEFINED (__FUSE_REGION_LENGTH__)?__FUSE_REGION_LENGTH__:0x400
                0x0000000000000400                __LOCK_REGION_LENGTH__ = DEFINED (__LOCK_REGION_LENGTH__)?__LOCK_REGION_LENGTH__:0x400
                0x0000000000000400                __SIGNATURE_REGION_LENGTH__ = DEFINED (__SIGNATURE_REGION_LENGTH__)?__SIGNATURE_REGION_LENGTH__:0x400
                0x0000000000000400                __USER_SIGNATURE_REGION_LENGTH__ = DEFINED (__USER_SIGNATURE_REGION_LENGTH__)?__USER_SIGNATURE_REGION_LENGTH__:0x400

.hash
 *(.hash)

.dynsym
 *(.dynsym)

.dynstr
 *(.dynstr)

.gnu.version
 *(.gnu.version)

.gnu.version_d
 *(.gnu.version_d)

.gnu.version_r
 *(.gnu.version_r)

.rel.init
 *(.rel.init)

.rela.init
 *(.rela.init)

.rel.text
 *(.rel.text)
 *(.rel.text.*)
 *(.rel.gnu.linkonce.t*)

.rela.text
 *(.rela.text)
 *(.rela.text.*)
 *(.rela.gnu.linkonce.t*)

.rel.fini
 *(.rel.fini)

.rela.fini
 *(.rela.fini)

.rel.rodata
 *(.rel.rodata)
 *(.rel.rodata.*)
 *(.rel.gnu.linkonce.r*)

.rela.rodata
 *(.rela.rodata)
 *(.rela.rodata.*)
 *(.rela.gnu.linkonce.r*)

.rel.data
 *(.rel.data)
 *(.rel.data.*)
 *(.rel.gnu.linkonce.d*)

.rela.data
 *(.rela.data)
 *(.rela.data.*)
 *(.rela.gnu.linkonce.d*)

.rel.ctors
 *(.rel.ctors)

.rela.ctors
 *(.rela.ctors)

.rel.dtors
 *(.rel.dtors)

.rela.dtors
 *(.rela.dtors)

.rel.got
 *(.rel.got)

.rela.got
 *(.rela.got)

.rel.bss
 *(.rel.bss)

.rela.bss
 *(.rela.bss)

.rel.plt
 *(.rel.plt)

.rela.plt
 *(.rela.plt)

.text           0x0000000000000000       0xce
 *(.vectors)
 .vectors       0x0000000000000000       0x68 C:/Program Files/Microchip/MPLABX/v5.50/packs/Microchip/ATmega_DFP/2.3.126/xc8/avr/lib/avr5/memx-const/crtatmega328p.o
                0x0000000000000000                __vector_default
                0x0000000000000000                __vectors
 *(.vectors)
 *(.progmem.gcc*)
 *(.dinit)
 .dinit         0x0000000000000068       0x11 data_init
                0x000000000000007a                . = ALIGN (0x2)
 *fill*         0x0000000000000079        0x1 
                0x000000000000007a                __trampolines_start = .
 *(.trampolines)
 .trampolines   0x000000000000007a        0x0 linker stubs
 *(.trampolines*)
                0x000000000000007a                __trampolines_end = .
 *libprintf_flt.a:*(.progmem.data)
 *libc.a:*(.progmem.data)
                0x000000000000007a                . = ALIGN (0x2)
 *(.jumptables)
 *(.jumptables*)
 *(.lowtext)
 *(.lowtext*)
                0x000000000000007a                __ctors_start = .
 *(.ctors)
                0x000000000000007a                __ctors_end = .
                0x000000000000007a                __dtors_start = .
 *(.dtors)
                0x000000000000007a                __dtors_end = .
 SORT(*)(.ctors)
 SORT(*)(.dtors)
 *(.init0)
 .init0         0x000000000000007a        0x0 C:/Program Files/Microchip/MPLABX/v5.50/packs/Microchip/ATmega_DFP/2.3.126/xc8/avr/lib/avr5/memx-const/crtatmega328p.o
                0x000000000000007a                __init
 *(.init0)
 *(.init1)
 *(.init1)
 *(.init2)
 .init2         0x000000000000007a        0xc C:/Program Files/Microchip/MPLABX/v5.50/packs/Microchip/ATmega_DFP/2.3.126/xc8/avr/lib/avr5/memx-const/crtatmega328p.o
 *(.init2)
 *(.init3)
 *(.init3)
 *(.init4)
 .init4         0x0000000000000086       0x3c c:/program files/microchip/xc8/v2.31/avr/bin/../lib/gcc/avr/5.4.0/avr5/memx-const\libgcc.a(_copy_data.o)
                0x0000000000000086                __do_copy_data
                0x00000000000000b4                __do_clear_bss
 *(.init4)
 *(.init5)
 *(.init5)
 *(.init6)
 *(.init6)
 *(.init7)
 *(.init7)
 *(.init8)
 *(.init8)
 *(.init9)
 .init9         0x00000000000000c2        0x8 C:/Program Files/Microchip/MPLABX/v5.50/packs/Microchip/ATmega_DFP/2.3.126/xc8/avr/lib/avr5/memx-const/crtatmega328p.o
 *(.init9)
                0x00000000000000ca                . = ALIGN (0x2)
 *(.fini9)
 .fini9         0x00000000000000ca        0x0 c:/program files/microchip/xc8/v2.31/avr/bin/../lib/gcc/avr/5.4.0/avr5/memx-const\libgcc.a(_exit.o)
                0x00000000000000ca                _exit
                0x00000000000000ca                exit
 *(.fini9)
 *(.fini8)
 *(.fini8)
 *(.fini7)
 *(.fini7)
 *(.fini6)
 *(.fini6)
 *(.fini5)
 *(.fini5)
 *(.fini4)
 *(.fini4)
 *(.fini3)
 *(.fini3)
 *(.fini2)
 *(.fini2)
 *(.fini1)
 *(.fini1)
 *(.fini0)
 .fini0         0x00000000000000ca        0x4 c:/program files/microchip/xc8/v2.31/avr/bin/../lib/gcc/avr/5.4.0/avr5/memx-const\libgcc.a(_exit.o)
 *(.fini0)
                0x00000000000000ce                _etext = .

.data           0x0000000000800100        0x0 load address 0x00000000000000ce
                [!provide]                        PROVIDE (__data_start, .)
 *(.gnu.linkonce.d*)
 *(.gnu.linkonce.r*)
                0x0000000000800100                . = ALIGN (0x2)
                0x0000000000800100                _edata = .
                [!provide]                        PROVIDE (__data_end, .)

.bss            0x0000000000800100       0x22
                [!provide]                        PROVIDE (__bss_start, .)
 *(COMMON)
 COMMON         0x0000000000800100       0x22 build/default/production/main.o
                0x0000000000800100                alarmActiveTime
                0x0000000000800102                pwmCounter
                0x0000000000800103                dutyCycle
                0x0000000000800104                displayStates
                0x0000000000800105                alarmHours
                0x0000000000800106                ms
                0x0000000000800108                displayNum
                0x0000000000800109                nextDay
                0x000000000080010a                minutesToSet
                0x000000000080010b                alarmSet
                0x000000000080010c                blinkMiddle
                0x000000000080010d                buzzerPeriod
                0x000000000080010f                miliseconds
                0x0000000000800111                hoursToSet
                0x0000000000800112                eachDisplay
                0x0000000000800116                possibleAlarmSet
                0x0000000000800117                alarmSilenced
                0x0000000000800118                seconds
                0x0000000000800119                alarmActive
                0x000000000080011a                eepromWriteFlag
                0x000000000080011b                returnFromSettings
                0x000000000080011c                minutes
                0x000000000080011d                hours
                0x000000000080011e                displaySubStates
                0x000000000080011f                pm
                0x0000000000800120                alarmMinutes
                0x0000000000800121                ledsOn
                [!provide]                        PROVIDE (__bss_end, .)
                0x00000000000000ce                __data_load_start = LOADADDR (.data)
                0x00000000000000ce                __data_load_end = (__data_load_start + SIZEOF (.data))

.noinit         0x0000000000800122        0x0
                [!provide]                        PROVIDE (__noinit_start, .)
 *(.noinit*)
                [!provide]                        PROVIDE (__noinit_end, .)
                0x0000000000800122                _end = .

.eeprom         0x0000000000810000        0x0
 *(.eeprom*)
                0x0000000000810000                __eeprom_end = .

.fuse
 *(.fuse)
 *(.lfuse)
 *(.hfuse)
 *(.efuse)

.lock
 *(.lock*)

.signature
 *(.signature*)

.user_signatures
 *(.user_signatures*)

.stab
 *(.stab)

.stabstr
 *(.stabstr)

.stab.excl
 *(.stab.excl)

.stab.exclstr
 *(.stab.exclstr)

.stab.index
 *(.stab.index)

.stab.indexstr
 *(.stab.indexstr)

.comment        0x0000000000000000       0x2f
 *(.comment)
 .comment       0x0000000000000000       0x2f build/default/production/main.o
                                         0x30 (size before relaxing)

.note.gnu.build-id
 *(.note.gnu.build-id)

.debug
 *(.debug)

.line
 *(.line)

.debug_srcinfo
 *(.debug_srcinfo)

.debug_sfnames
 *(.debug_sfnames)

.debug_aranges  0x0000000000000000      0x108
 *(.debug_aranges)
 .debug_aranges
                0x0000000000000000      0x108 build/default/production/main.o

.debug_pubnames
 *(.debug_pubnames)

.debug_info     0x0000000000000000     0x144d
 *(.debug_info .gnu.linkonce.wi.*)
 .debug_info    0x0000000000000000      0x5f4 C:/Program Files/Microchip/MPLABX/v5.50/packs/Microchip/ATmega_DFP/2.3.126/xc8/avr/lib/avr5/memx-const/crtatmega328p.o
 .debug_info    0x00000000000005f4      0xe59 build/default/production/main.o

.debug_abbrev   0x0000000000000000      0x83b
 *(.debug_abbrev)
 .debug_abbrev  0x0000000000000000      0x5a2 C:/Program Files/Microchip/MPLABX/v5.50/packs/Microchip/ATmega_DFP/2.3.126/xc8/avr/lib/avr5/memx-const/crtatmega328p.o
 .debug_abbrev  0x00000000000005a2      0x299 build/default/production/main.o

.debug_line     0x0000000000000000      0xcb0
 *(.debug_line .debug_line.* .debug_line_end)
 .debug_line    0x0000000000000000      0x137 C:/Program Files/Microchip/MPLABX/v5.50/packs/Microchip/ATmega_DFP/2.3.126/xc8/avr/lib/avr5/memx-const/crtatmega328p.o
 .debug_line    0x0000000000000137      0xb79 build/default/production/main.o

.debug_frame    0x0000000000000000      0x280
 *(.debug_frame)
 .debug_frame   0x0000000000000000      0x280 build/default/production/main.o

.debug_str      0x0000000000000000      0x22f
 *(.debug_str)
 .debug_str     0x0000000000000000      0x208 C:/Program Files/Microchip/MPLABX/v5.50/packs/Microchip/ATmega_DFP/2.3.126/xc8/avr/lib/avr5/memx-const/crtatmega328p.o
 .debug_str     0x0000000000000208       0x27 build/default/production/main.o

.debug_loc      0x0000000000000000      0x2a8
 *(.debug_loc)
 .debug_loc     0x0000000000000000      0x2a8 build/default/production/main.o

.debug_macinfo
 *(.debug_macinfo)

.debug_weaknames
 *(.debug_weaknames)

.debug_funcnames
 *(.debug_funcnames)

.debug_typenames
 *(.debug_typenames)

.debug_varnames
 *(.debug_varnames)

.debug_pubtypes
 *(.debug_pubtypes)

.debug_ranges   0x0000000000000000       0xf8
 *(.debug_ranges)
 .debug_ranges  0x0000000000000000       0xf8 build/default/production/main.o

.debug_macro
 *(.debug_macro)
OUTPUT(dist/default/production/Digital_Clock.X.production.elf elf32-avr)
LOAD linker stubs
LOAD data_init

.note.gnu.avr.deviceinfo
                0x0000000000000000       0x40
 .note.gnu.avr.deviceinfo
                0x0000000000000000       0x40 C:/Program Files/Microchip/MPLABX/v5.50/packs/Microchip/ATmega_DFP/2.3.126/xc8/avr/lib/avr5/memx-const/crtatmega328p.o

.bss.together.1750
                0x0000000000800138        0x1
 .bss.together.1750
                0x0000000000800138        0x1 build/default/production/main.o

.bss.timeout.1743
                0x0000000000800134        0x2
 .bss.timeout.1743
                0x0000000000800134        0x2 build/default/production/main.o

.bss.buttonOld.1742
                0x0000000000800139        0x1
 .bss.buttonOld.1742
                0x0000000000800139        0x1 build/default/production/main.o

.bss.heldConfirmed.1723
                0x000000000080013a        0x1
 .bss.heldConfirmed.1723
                0x000000000080013a        0x1 build/default/production/main.o

.bss.heldTime.1721
                0x0000000000800136        0x2
 .bss.heldTime.1721
                0x0000000000800136        0x2 build/default/production/main.o

.bss.firstDetection.1722
                0x000000000080013b        0x1
 .bss.firstDetection.1722
                0x000000000080013b        0x1 build/default/production/main.o

.text.readTimeForDisplay
                0x00000000000000ce      0x29e
 .text.readTimeForDisplay
                0x00000000000000ce      0x29e build/default/production/main.o
                0x00000000000000ce                readTimeForDisplay

.text.displayTimeMode
                0x000000000000036c      0x23e
 .text.displayTimeMode
                0x000000000000036c      0x23e build/default/production/main.o
                0x000000000000036c                displayTimeMode

.text.setTime   0x00000000000005aa      0x11c
 .text.setTime  0x00000000000005aa      0x11c build/default/production/main.o
                0x00000000000005aa                setTime

.text.__vector_14
                0x00000000000006c6      0x10e
 .text.__vector_14
                0x00000000000006c6      0x10e build/default/production/main.o
                0x00000000000006c6                __vector_14

.text.main      0x00000000000007d4       0xe6
 .text.main     0x00000000000007d4       0xe6 build/default/production/main.o
                0x00000000000007d4                main

.text.clockOrAlarmSet
                0x00000000000008ba       0xd0
 .text.clockOrAlarmSet
                0x00000000000008ba       0xd0 build/default/production/main.o
                0x00000000000008ba                clockOrAlarmSet

.text.shortButtonRead
                0x000000000000098a       0xca
 .text.shortButtonRead
                0x000000000000098a       0xca build/default/production/main.o
                0x000000000000098a                shortButtonRead

.text.alarmHandling
                0x0000000000000a54       0x76
 .text.alarmHandling
                0x0000000000000a54       0x76 build/default/production/main.o
                0x0000000000000a54                alarmHandling

.text.clockDataIn
                0x0000000000000aca       0x6a
 .text.clockDataIn
                0x0000000000000aca       0x6a build/default/production/main.o
                0x0000000000000aca                clockDataIn

.text.driveAlarm
                0x0000000000000b34       0x66
 .text.driveAlarm
                0x0000000000000b34       0x66 build/default/production/main.o
                0x0000000000000b34                driveAlarm

.text.resetDisplayState
                0x0000000000000b9a       0x50
 .text.resetDisplayState
                0x0000000000000b9a       0x50 build/default/production/main.o
                0x0000000000000b9a                resetDisplayState

.text.__vector_11
                0x0000000000000bea       0x48
 .text.__vector_11
                0x0000000000000bea       0x48 build/default/production/main.o
                0x0000000000000bea                __vector_11

.text.saveState
                0x0000000000000c32       0x3e
 .text.saveState
                0x0000000000000c32       0x3e build/default/production/main.o
                0x0000000000000c32                saveState

.text.longButtonRead
                0x0000000000000c70       0x34
 .text.longButtonRead
                0x0000000000000c70       0x34 build/default/production/main.o
                0x0000000000000c70                longButtonRead

.text.libgcc.div
                0x0000000000000ca4       0x28
 .text.libgcc.div
                0x0000000000000ca4       0x28 c:/program files/microchip/xc8/v2.31/avr/bin/../lib/gcc/avr/5.4.0/avr5/memx-const\libgcc.a(_divmodhi4.o)
                0x0000000000000ca4                _div
                0x0000000000000ca4                __divmodhi4

.text.libgcc.div
                0x0000000000000ccc       0x28
 .text.libgcc.div
                0x0000000000000ccc       0x28 c:/program files/microchip/xc8/v2.31/avr/bin/../lib/gcc/avr/5.4.0/avr5/memx-const\libgcc.a(_udivmodhi4.o)
                0x0000000000000ccc                __udivmodhi4

.text.TIMER1setup
                0x0000000000000cf4       0x1e
 .text.TIMER1setup
                0x0000000000000cf4       0x1e build/default/production/main.o
                0x0000000000000cf4                TIMER1setup

.text.pinSetup  0x0000000000000d12       0x1e
 .text.pinSetup
                0x0000000000000d12       0x1e build/default/production/main.o
                0x0000000000000d12                pinSetup

.text.TIMER0setup
                0x0000000000000d30       0x18
 .text.TIMER0setup
                0x0000000000000d30       0x18 build/default/production/main.o
                0x0000000000000d30                TIMER0setup

.text.readPot   0x0000000000000d48       0x16
 .text.readPot  0x0000000000000d48       0x16 build/default/production/main.o
                0x0000000000000d48                readPot

.text.eepromWrite
                0x0000000000000d5e       0x10
 .text.eepromWrite
                0x0000000000000d5e       0x10 build/default/production/main.o
                0x0000000000000d5e                eepromWrite

.text.configureADC
                0x0000000000000d6e        0xe
 .text.configureADC
                0x0000000000000d6e        0xe build/default/production/main.o
                0x0000000000000d6e                configureADC

.text.driveSDI  0x0000000000000d7c        0xc
 .text.driveSDI
                0x0000000000000d7c        0xc build/default/production/main.o
                0x0000000000000d7c                driveSDI

.text.togglePWMoutput
                0x0000000000000d88        0xa
 .text.togglePWMoutput
                0x0000000000000d88        0xa build/default/production/main.o
                0x0000000000000d88                togglePWMoutput

.text.setTimeMode
                0x0000000000000d92        0x8
 .text.setTimeMode
                0x0000000000000d92        0x8 build/default/production/main.o
                0x0000000000000d92                setTimeMode

.text.setAlarmMode
                0x0000000000000d9a        0x8
 .text.setAlarmMode
                0x0000000000000d9a        0x8 build/default/production/main.o
                0x0000000000000d9a                setAlarmMode

.text           0x0000000000000da2        0x4
 .text          0x0000000000000da2        0x4 C:/Program Files/Microchip/MPLABX/v5.50/packs/Microchip/ATmega_DFP/2.3.126/xc8/avr/lib/avr5/memx-const/crtatmega328p.o
                0x0000000000000da2                __vector_22
                0x0000000000000da2                __vector_1
                0x0000000000000da2                __vector_24
                0x0000000000000da2                __vector_12
                0x0000000000000da2                __bad_interrupt
                0x0000000000000da2                __vector_6
                0x0000000000000da2                __vector_3
                0x0000000000000da2                __vector_23
                0x0000000000000da2                __vector_25
                0x0000000000000da2                __vector_13
                0x0000000000000da2                __vector_17
                0x0000000000000da2                __vector_19
                0x0000000000000da2                __vector_7
                0x0000000000000da2                __vector_5
                0x0000000000000da2                __vector_4
                0x0000000000000da2                __vector_9
                0x0000000000000da2                __vector_2
                0x0000000000000da2                __vector_21
                0x0000000000000da2                __vector_15
                0x0000000000000da2                __vector_8
                0x0000000000000da2                __vector_10
                0x0000000000000da2                __vector_16
                0x0000000000000da2                __vector_18
                0x0000000000000da2                __vector_20

.text.enablePWMoutput
                0x0000000000000da6        0x4
 .text.enablePWMoutput
                0x0000000000000da6        0x4 build/default/production/main.o
                0x0000000000000da6                enablePWMoutput

.text.disablePWMoutput
                0x0000000000000daa        0x4
 .text.disablePWMoutput
                0x0000000000000daa        0x4 build/default/production/main.o
                0x0000000000000daa                disablePWMoutput

.data.digitMaps
                0x0000000000800122        0xa load address 0x0000000000000dae
 .data.digitMaps
                0x0000000000800122        0xa build/default/production/main.o
                0x0000000000800122                digitMaps

.data.dNum      0x000000000080012c        0x4 load address 0x0000000000000db8
 .data.dNum     0x000000000080012c        0x4 build/default/production/main.o
                0x000000000080012c                dNum

.data.digits    0x0000000000800130        0x4 load address 0x0000000000000dbc
 .data.digits   0x0000000000800130        0x4 build/default/production/main.o
                0x0000000000800130                digits
